fann_train_data.c:31:48:fann_read_train_from_file	24	static
fann_train_data.c:50:28:fann_save_train	16	static
fann_train_data.c:59:28:fann_save_train_to_fixed	24	static
fann_train_data.c:68:29:fann_destroy_train	16	static
fann_train_data.c:84:30:fann_test_data	24	static
fann_train_data.c:105:7:fann_train_epoch_quickprop	24	static
fann_train_data.c:131:7:fann_train_epoch_irpropm	24	static
fann_train_data.c:158:7:fann_train_epoch_sarprop	24	static
fann_train_data.c:187:7:fann_train_epoch_batch	24	static
fann_train_data.c:209:7:fann_train_epoch_incremental	24	static
fann_train_data.c:226:30:fann_train_epoch	16	static
fann_train_data.c:247:29:fann_train_on_data	64	static
fann_train_data.c:300:29:fann_train_on_file	40	static
fann_train_data.c:320:29:fann_shuffle_train_data	32	static
fann_train_data.c:349:6:fann_get_min_max_data	40	static
fann_train_data.c:369:34:fann_get_min_train_input	40	static
fann_train_data.c:376:34:fann_get_max_train_input	40	static
fann_train_data.c:383:34:fann_get_min_train_output	40	static
fann_train_data.c:390:34:fann_get_max_train_output	40	static
fann_train_data.c:400:6:fann_scale_data	48	static
fann_train_data.c:411:29:fann_scale_data_to_range	64	static
fann_train_data.c:453:29:fann_scale_input_train_data	24	static
fann_train_data.c:463:29:fann_scale_output_train_data	24	static
fann_train_data.c:473:29:fann_scale_train_data	24	static
fann_train_data.c:485:48:fann_merge_train_data	32	static
fann_train_data.c:562:48:fann_duplicate_train_data	32	static
fann_train_data.c:626:48:fann_subset_train_data	48	static
fann_train_data.c:697:37:fann_length_train_data	16	static
fann_train_data.c:702:37:fann_num_input_train_data	16	static
fann_train_data.c:707:37:fann_num_output_train_data	16	static
fann_train_data.c:715:5:fann_save_train_internal	40	static
fann_train_data.c:735:5:fann_save_train_internal_fd	72	static
fann_train_data.c:809:49:fann_create_train	40	static
fann_train_data.c:869:49:fann_create_train_pointer_array	32	static
fann_train_data.c:887:49:fann_create_train_array	32	static
fann_train_data.c:909:49:fann_create_train_from_callback	48	static
fann_train_data.c:933:36:fann_get_train_input	16	static
fann_train_data.c:940:36:fann_get_train_output	16	static
fann_train_data.c:951:25:fann_read_train_from_fd	56	static
fann_train_data.c:1000:5:fann_desired_error_reached	16	static
fann_train_data.c:1020:29:fann_scale_input	24	static
fann_train_data.c:1043:29:fann_scale_output	24	static
fann_train_data.c:1066:29:fann_descale_input	24	static
fann_train_data.c:1092:29:fann_descale_output	24	static
fann_train_data.c:1118:29:fann_scale_train	24	static
fann_train_data.c:1140:29:fann_descale_train	24	static
fann_train_data.c:1203:28:fann_set_input_scaling_params	40	static
fann_train_data.c:1241:28:fann_set_output_scaling_params	40	static
fann_train_data.c:1282:28:fann_set_scaling_params	32	static
fann_train_data.c:1299:28:fann_clear_scaling_params	24	static
fann_train_data.c:1324:5:fann_check_input_output_sizes	16	static
