fann_train.c:36:11:fann_activation_derived	48	static
fann_train.c:83:11:fann_activation	32	static
fann_train.c:93:29:fann_train	24	static
fann_train.c:110:11:fann_update_MSE	32	static
fann_train.c:159:35:fann_test	48	static
fann_train.c:189:30:fann_get_MSE	16	static
fann_train.c:201:37:fann_get_bit_fail	16	static
fann_train.c:208:29:fann_reset_MSE	16	static
fann_train.c:227:6:fann_compute_MSE	56	static
fann_train.c:291:6:fann_backpropagate_MSE	64	static
fann_train.c:370:6:fann_update_weights	88	static
fann_train.c:455:6:fann_update_slopes_batch	72	static
fann_train.c:542:6:fann_clear_train_arrays	24	static
fann_train.c:607:6:fann_update_weights_batch	40	static
fann_train.c:625:6:fann_update_weights_quickprop	88	static
fann_train.c:713:6:fann_update_weights_irpropm	80	static
fann_train.c:772:6:fann_update_weights_sarprop	120	static
fann_train.c:850:1:fann_get_training_algorithm	16	static
fann_train.c:850:1:fann_set_training_algorithm	16	static
fann_train.c:851:1:fann_get_learning_rate	16	static
fann_train.c:851:1:fann_set_learning_rate	16	static
fann_train.c:853:29:fann_set_activation_function_hidden	32	static
fann_train.c:870:43:fann_get_layer	16	static
fann_train.c:881:44:fann_get_neuron_layer	24	static
fann_train.c:892:44:fann_get_neuron	32	static
fann_train.c:901:5:fann_get_activation_function	32	static
fann_train.c:914:29:fann_set_activation_function	32	static
fann_train.c:927:29:fann_set_activation_function_layer	40	static
fann_train.c:946:29:fann_set_activation_function_output	32	static
fann_train.c:959:29:fann_set_activation_steepness_hidden	32	static
fann_train.c:977:5:fann_get_activation_steepness	32	static
fann_train.c:990:29:fann_set_activation_steepness	32	static
fann_train.c:1002:29:fann_set_activation_steepness_layer	40	static
fann_train.c:1019:29:fann_set_activation_steepness_output	32	static
fann_train.c:1032:1:fann_get_train_error_function	16	static
fann_train.c:1032:1:fann_set_train_error_function	16	static
fann_train.c:1033:1:fann_get_callback	16	static
fann_train.c:1033:1:fann_set_callback	16	static
fann_train.c:1034:1:fann_get_quickprop_decay	16	static
fann_train.c:1034:1:fann_set_quickprop_decay	16	static
fann_train.c:1035:1:fann_get_quickprop_mu	16	static
fann_train.c:1035:1:fann_set_quickprop_mu	16	static
fann_train.c:1036:1:fann_get_rprop_increase_factor	16	static
fann_train.c:1036:1:fann_set_rprop_increase_factor	16	static
fann_train.c:1037:1:fann_get_rprop_decrease_factor	16	static
fann_train.c:1037:1:fann_set_rprop_decrease_factor	16	static
fann_train.c:1038:1:fann_get_rprop_delta_min	16	static
fann_train.c:1038:1:fann_set_rprop_delta_min	16	static
fann_train.c:1039:1:fann_get_rprop_delta_max	16	static
fann_train.c:1039:1:fann_set_rprop_delta_max	16	static
fann_train.c:1040:1:fann_get_rprop_delta_zero	16	static
fann_train.c:1040:1:fann_set_rprop_delta_zero	16	static
fann_train.c:1041:1:fann_get_sarprop_weight_decay_shift	16	static
fann_train.c:1041:1:fann_set_sarprop_weight_decay_shift	16	static
fann_train.c:1042:1:fann_get_sarprop_step_error_threshold_factor	16	static
fann_train.c:1042:1:fann_set_sarprop_step_error_threshold_factor	16	static
fann_train.c:1043:1:fann_get_sarprop_step_error_shift	16	static
fann_train.c:1043:1:fann_set_sarprop_step_error_shift	16	static
fann_train.c:1044:1:fann_get_sarprop_temperature	16	static
fann_train.c:1044:1:fann_set_sarprop_temperature	16	static
fann_train.c:1045:1:fann_get_train_stop_function	16	static
fann_train.c:1045:1:fann_set_train_stop_function	16	static
fann_train.c:1046:1:fann_get_bit_fail_limit	16	static
fann_train.c:1046:1:fann_set_bit_fail_limit	16	static
fann_train.c:1047:1:fann_get_learning_momentum	16	static
fann_train.c:1047:1:fann_set_learning_momentum	16	static
