fann.c:32:37:fann_create_standard	32	static
fann.c:73:37:fann_create_standard_array	16	static
fann.c:79:37:fann_create_sparse	44	static
fann.c:119:37:fann_create_sparse_array	128	static
fann.c:389:37:fann_create_shortcut	32	static
fann.c:429:37:fann_create_shortcut_array	64	static
fann.c:559:35:fann_run	96	static
fann.c:811:29:fann_destroy	16	static
fann.c:845:29:fann_randomize_weights	40	static
fann.c:866:37:fann_copy	72	static
fann.c:1103:29:fann_print_connections	48	static
fann.c:1168:29:fann_init_weights	88	static
fann.c:1247:29:fann_print_parameters	32	static
fann.c:1317:1:fann_get_num_input	16	static
fann.c:1318:1:fann_get_num_output	16	static
fann.c:1320:37:fann_get_total_neurons	16	static
fann.c:1333:1:fann_get_total_connections	16	static
fann.c:1335:47:fann_get_network_type	16	static
fann.c:1342:30:fann_get_connection_rate	16	static
fann.c:1347:37:fann_get_num_layers	16	static
fann.c:1352:29:fann_get_layer_array	24	static
fann.c:1379:29:fann_get_bias_array	24	static
fann.c:1410:29:fann_get_connection_array	40	static
fann.c:1445:29:fann_set_weight_array	32	static
fann.c:1456:29:fann_set_weight	48	static
fann.c:1494:29:fann_get_weights	16	static
fann.c:1499:29:fann_set_weights	16	static
fann.c:1504:1:fann_get_user_data	16	static
fann.c:1504:1:fann_set_user_data	16	static
fann.c:1563:14:fann_allocate_structure	24	static
fann.c:1717:5:fann_allocate_scale	24	static
fann.c:1753:6:fann_allocate_neurons	32	static
fann.c:1789:6:fann_allocate_connections	16	static
fann.c:1818:29:fann_disable_seed_rand	4	static
fann.c:1823:29:fann_enable_seed_rand	4	static
fann.c:1831:6:fann_seed_rand	24	static
