fann.c:32:37:fann_create_standard	32	static
fann.c:73:37:fann_create_standard_array	16	static
fann.c:79:37:fann_create_sparse	44	static
fann.c:119:37:fann_create_sparse_array	128	static
fann.c:389:37:fann_create_shortcut	32	static
fann.c:429:37:fann_create_shortcut_array	64	static
fann.c:559:35:fann_run	96	static
fann.c:811:29:fann_destroy	16	static
fann.c:845:29:fann_randomize_weights	40	static
fann.c:866:37:fann_copy	72	static
fann.c:1103:29:fann_print_connections	48	static
fann.c:1168:29:fann_init_weights	88	static
fann.c:1247:29:fann_print_parameters	32	static
fann.c:1317:1:fann_get_num_input	16	static
fann.c:1318:1:fann_get_num_output	16	static
fann.c:1320:37:fann_get_total_neurons	16	static
fann.c:1333:1:fann_get_total_connections	16	static
fann.c:1335:47:fann_get_network_type	16	static
fann.c:1342:30:fann_get_connection_rate	16	static
fann.c:1347:37:fann_get_num_layers	16	static
fann.c:1352:29:fann_get_layer_array	24	static
fann.c:1379:29:fann_get_bias_array	24	static
fann.c:1410:29:fann_get_connection_array	40	static
fann.c:1445:29:fann_set_weight_array	32	static
fann.c:1456:29:fann_set_weight	48	static
fann.c:1494:29:fann_get_weights	16	static
fann.c:1499:29:fann_set_weights	16	static
fann.c:1504:1:fann_get_user_data	16	static
fann.c:1504:1:fann_set_user_data	16	static
fann.c:1563:14:fann_allocate_structure	24	static
fann.c:1717:5:fann_allocate_scale	24	static
fann.c:1753:6:fann_allocate_neurons	32	static
fann.c:1789:6:fann_allocate_connections	16	static
fann.c:1818:29:fann_disable_seed_rand	4	static
fann.c:1823:29:fann_enable_seed_rand	4	static
fann.c:1831:6:fann_seed_rand	24	static
fann_io.c:31:37:fann_create_from_file	24	static
fann_io.c:48:28:fann_save	16	static
fann_io.c:55:28:fann_save_to_fixed	16	static
fann_io.c:63:5:fann_save_internal	32	static
fann_io.c:81:5:fann_save_internal_fd	96	static
fann_io.c:367:14:fann_create_from_fd	88	static
fann_io.c:661:14:fann_create_from_fd_1_1	128	static
fann_train.c:36:11:fann_activation_derived	48	static
fann_train.c:83:11:fann_activation	32	static
fann_train.c:93:29:fann_train	24	static
fann_train.c:110:11:fann_update_MSE	32	static
fann_train.c:159:35:fann_test	48	static
fann_train.c:189:30:fann_get_MSE	16	static
fann_train.c:201:37:fann_get_bit_fail	16	static
fann_train.c:208:29:fann_reset_MSE	16	static
fann_train.c:227:6:fann_compute_MSE	56	static
fann_train.c:291:6:fann_backpropagate_MSE	64	static
fann_train.c:370:6:fann_update_weights	88	static
fann_train.c:455:6:fann_update_slopes_batch	72	static
fann_train.c:542:6:fann_clear_train_arrays	24	static
fann_train.c:607:6:fann_update_weights_batch	40	static
fann_train.c:625:6:fann_update_weights_quickprop	88	static
fann_train.c:713:6:fann_update_weights_irpropm	80	static
fann_train.c:772:6:fann_update_weights_sarprop	120	static
fann_train.c:850:1:fann_get_training_algorithm	16	static
fann_train.c:850:1:fann_set_training_algorithm	16	static
fann_train.c:851:1:fann_get_learning_rate	16	static
fann_train.c:851:1:fann_set_learning_rate	16	static
fann_train.c:853:29:fann_set_activation_function_hidden	32	static
fann_train.c:870:43:fann_get_layer	16	static
fann_train.c:881:44:fann_get_neuron_layer	24	static
fann_train.c:892:44:fann_get_neuron	32	static
fann_train.c:901:5:fann_get_activation_function	32	static
fann_train.c:914:29:fann_set_activation_function	32	static
fann_train.c:927:29:fann_set_activation_function_layer	40	static
fann_train.c:946:29:fann_set_activation_function_output	32	static
fann_train.c:959:29:fann_set_activation_steepness_hidden	32	static
fann_train.c:977:5:fann_get_activation_steepness	32	static
fann_train.c:990:29:fann_set_activation_steepness	32	static
fann_train.c:1002:29:fann_set_activation_steepness_layer	40	static
fann_train.c:1019:29:fann_set_activation_steepness_output	32	static
fann_train.c:1032:1:fann_get_train_error_function	16	static
fann_train.c:1032:1:fann_set_train_error_function	16	static
fann_train.c:1033:1:fann_get_callback	16	static
fann_train.c:1033:1:fann_set_callback	16	static
fann_train.c:1034:1:fann_get_quickprop_decay	16	static
fann_train.c:1034:1:fann_set_quickprop_decay	16	static
fann_train.c:1035:1:fann_get_quickprop_mu	16	static
fann_train.c:1035:1:fann_set_quickprop_mu	16	static
fann_train.c:1036:1:fann_get_rprop_increase_factor	16	static
fann_train.c:1036:1:fann_set_rprop_increase_factor	16	static
fann_train.c:1037:1:fann_get_rprop_decrease_factor	16	static
fann_train.c:1037:1:fann_set_rprop_decrease_factor	16	static
fann_train.c:1038:1:fann_get_rprop_delta_min	16	static
fann_train.c:1038:1:fann_set_rprop_delta_min	16	static
fann_train.c:1039:1:fann_get_rprop_delta_max	16	static
fann_train.c:1039:1:fann_set_rprop_delta_max	16	static
fann_train.c:1040:1:fann_get_rprop_delta_zero	16	static
fann_train.c:1040:1:fann_set_rprop_delta_zero	16	static
fann_train.c:1041:1:fann_get_sarprop_weight_decay_shift	16	static
fann_train.c:1041:1:fann_set_sarprop_weight_decay_shift	16	static
fann_train.c:1042:1:fann_get_sarprop_step_error_threshold_factor	16	static
fann_train.c:1042:1:fann_set_sarprop_step_error_threshold_factor	16	static
fann_train.c:1043:1:fann_get_sarprop_step_error_shift	16	static
fann_train.c:1043:1:fann_set_sarprop_step_error_shift	16	static
fann_train.c:1044:1:fann_get_sarprop_temperature	16	static
fann_train.c:1044:1:fann_set_sarprop_temperature	16	static
fann_train.c:1045:1:fann_get_train_stop_function	16	static
fann_train.c:1045:1:fann_set_train_stop_function	16	static
fann_train.c:1046:1:fann_get_bit_fail_limit	16	static
fann_train.c:1046:1:fann_set_bit_fail_limit	16	static
fann_train.c:1047:1:fann_get_learning_momentum	16	static
fann_train.c:1047:1:fann_set_learning_momentum	16	static
fann_train_data.c:31:48:fann_read_train_from_file	24	static
fann_train_data.c:50:28:fann_save_train	16	static
fann_train_data.c:59:28:fann_save_train_to_fixed	24	static
fann_train_data.c:68:29:fann_destroy_train	16	static
fann_train_data.c:84:30:fann_test_data	24	static
fann_train_data.c:105:7:fann_train_epoch_quickprop	24	static
fann_train_data.c:131:7:fann_train_epoch_irpropm	24	static
fann_train_data.c:158:7:fann_train_epoch_sarprop	24	static
fann_train_data.c:187:7:fann_train_epoch_batch	24	static
fann_train_data.c:209:7:fann_train_epoch_incremental	24	static
fann_train_data.c:226:30:fann_train_epoch	16	static
fann_train_data.c:247:29:fann_train_on_data	64	static
fann_train_data.c:300:29:fann_train_on_file	40	static
fann_train_data.c:320:29:fann_shuffle_train_data	32	static
fann_train_data.c:349:6:fann_get_min_max_data	40	static
fann_train_data.c:369:34:fann_get_min_train_input	40	static
fann_train_data.c:376:34:fann_get_max_train_input	40	static
fann_train_data.c:383:34:fann_get_min_train_output	40	static
fann_train_data.c:390:34:fann_get_max_train_output	40	static
fann_train_data.c:400:6:fann_scale_data	48	static
fann_train_data.c:411:29:fann_scale_data_to_range	64	static
fann_train_data.c:453:29:fann_scale_input_train_data	24	static
fann_train_data.c:463:29:fann_scale_output_train_data	24	static
fann_train_data.c:473:29:fann_scale_train_data	24	static
fann_train_data.c:485:48:fann_merge_train_data	32	static
fann_train_data.c:562:48:fann_duplicate_train_data	32	static
fann_train_data.c:626:48:fann_subset_train_data	48	static
fann_train_data.c:697:37:fann_length_train_data	16	static
fann_train_data.c:702:37:fann_num_input_train_data	16	static
fann_train_data.c:707:37:fann_num_output_train_data	16	static
fann_train_data.c:715:5:fann_save_train_internal	40	static
fann_train_data.c:735:5:fann_save_train_internal_fd	72	static
fann_train_data.c:809:49:fann_create_train	40	static
fann_train_data.c:869:49:fann_create_train_pointer_array	32	static
fann_train_data.c:887:49:fann_create_train_array	32	static
fann_train_data.c:909:49:fann_create_train_from_callback	48	static
fann_train_data.c:933:36:fann_get_train_input	16	static
fann_train_data.c:940:36:fann_get_train_output	16	static
fann_train_data.c:951:25:fann_read_train_from_fd	56	static
fann_train_data.c:1000:5:fann_desired_error_reached	16	static
fann_train_data.c:1020:29:fann_scale_input	24	static
fann_train_data.c:1043:29:fann_scale_output	24	static
fann_train_data.c:1066:29:fann_descale_input	24	static
fann_train_data.c:1092:29:fann_descale_output	24	static
fann_train_data.c:1118:29:fann_scale_train	24	static
fann_train_data.c:1140:29:fann_descale_train	24	static
fann_train_data.c:1203:28:fann_set_input_scaling_params	40	static
fann_train_data.c:1241:28:fann_set_output_scaling_params	40	static
fann_train_data.c:1282:28:fann_set_scaling_params	32	static
fann_train_data.c:1299:28:fann_clear_scaling_params	24	static
fann_train_data.c:1324:5:fann_check_input_output_sizes	16	static
fann_error.c:50:29:fann_reset_errno	16	static
fann_error.c:57:29:fann_reset_errstr	16	static
fann_error.c:66:45:fann_get_errno	16	static
fann_error.c:73:30:fann_get_errstr	24	static
fann_error.c:85:29:fann_set_error_log	16	static
fann_error.c:95:29:fann_print_error	16	static
fann_error.c:106:6:fann_error	4268	static
fann_error.c:222:6:fann_init_error_data	16	static
fann_cascade.c:29:6:fann_print_connections_raw	32	static
fann_cascade.c:48:29:fann_cascadetrain_on_data	80	static
fann_cascade.c:128:29:fann_cascadetrain_on_file	40	static
fann_cascade.c:143:5:fann_train_outputs	64	static
fann_cascade.c:204:7:fann_train_outputs_epoch	24	static
fann_cascade.c:241:5:fann_reallocate_connections	16	static
fann_cascade.c:294:5:fann_reallocate_neurons	32	static
fann_cascade.c:341:6:initialize_candidate_weights	56	static
fann_cascade.c:365:5:fann_initialize_candidates	96	static
fann_cascade.c:492:5:fann_train_candidates	48	static
fann_cascade.c:557:6:fann_update_candidate_slopes	96	static
fann_cascade.c:663:6:fann_update_candidate_weights	24	static
fann_cascade.c:690:11:fann_train_candidates_epoch	48	static
fann_cascade.c:782:20:fann_add_layer	32	static
fann_cascade.c:818:6:fann_set_shortcut_connections	40	static
fann_cascade.c:843:6:fann_add_candidate_neuron	64	static
fann_cascade.c:963:6:fann_install_candidate	24	static
fann_cascade.c:974:37:fann_get_cascade_num_candidates	16	static
fann_cascade.c:981:1:fann_get_cascade_output_change_fraction	16	static
fann_cascade.c:981:1:fann_set_cascade_output_change_fraction	16	static
fann_cascade.c:982:1:fann_get_cascade_output_stagnation_epochs	16	static
fann_cascade.c:982:1:fann_set_cascade_output_stagnation_epochs	16	static
fann_cascade.c:983:1:fann_get_cascade_candidate_change_fraction	16	static
fann_cascade.c:983:1:fann_set_cascade_candidate_change_fraction	16	static
fann_cascade.c:984:1:fann_get_cascade_candidate_stagnation_epochs	16	static
fann_cascade.c:984:1:fann_set_cascade_candidate_stagnation_epochs	16	static
fann_cascade.c:985:1:fann_get_cascade_num_candidate_groups	16	static
fann_cascade.c:985:1:fann_set_cascade_num_candidate_groups	16	static
fann_cascade.c:986:1:fann_get_cascade_weight_multiplier	16	static
fann_cascade.c:986:1:fann_set_cascade_weight_multiplier	16	static
fann_cascade.c:987:1:fann_get_cascade_candidate_limit	16	static
fann_cascade.c:987:1:fann_set_cascade_candidate_limit	16	static
fann_cascade.c:988:1:fann_get_cascade_max_out_epochs	16	static
fann_cascade.c:988:1:fann_set_cascade_max_out_epochs	16	static
fann_cascade.c:989:1:fann_get_cascade_max_cand_epochs	16	static
fann_cascade.c:989:1:fann_set_cascade_max_cand_epochs	16	static
fann_cascade.c:990:1:fann_get_cascade_min_out_epochs	16	static
fann_cascade.c:990:1:fann_set_cascade_min_out_epochs	16	static
fann_cascade.c:991:1:fann_get_cascade_min_cand_epochs	16	static
fann_cascade.c:991:1:fann_set_cascade_min_cand_epochs	16	static
fann_cascade.c:993:1:fann_get_cascade_activation_functions_count	16	static
fann_cascade.c:994:1:fann_get_cascade_activation_functions	16	static
fann_cascade.c:996:29:fann_set_cascade_activation_functions	24	static
fann_cascade.c:1021:1:fann_get_cascade_activation_steepnesses_count	16	static
fann_cascade.c:1022:1:fann_get_cascade_activation_steepnesses	16	static
fann_cascade.c:1024:29:fann_set_cascade_activation_steepnesses	24	static
